******************************************************************************
                  TI ARM Linker PC v16.9.3                     
******************************************************************************
>> Linked Mon Jun 19 11:30:05 2017

OUTPUT FILE NAME:   <Project_1_test.out>
ENTRY POINT SYMBOL: "_c_int00"  address: 000007ed


MEMORY CONFIGURATION

         name            origin    length      used     unused   attr    fill
----------------------  --------  ---------  --------  --------  ----  --------
  FLASH                 00000000   00040000  00000a1e  0003f5e2  R  X
  SRAM                  20000000   00008000  00000218  00007de8  RW X


SEGMENT ALLOCATION MAP

run origin  load origin   length   init length attrs members
----------  ----------- ---------- ----------- ----- -------
00000000    00000000    00000a24   00000a24    r-x
  00000000    00000000    0000026c   0000026c    r-- .intvecs
  0000026c    0000026c    0000078e   0000078e    r-x .text
  00000a00    00000a00    00000024   00000024    r-- .cinit
20000000    20000000    00000218   00000000    rw-
  20000000    20000000    00000200   00000000    rw- .stack
  20000200    20000200    00000018   00000000    rw- .data


SECTION ALLOCATION MAP

 output                                  attributes/
section   page    origin      length       input sections
--------  ----  ----------  ----------   ----------------
.intvecs   0    00000000    0000026c     
                  00000000    0000026c     tm4c123gh6pm_startup_ccs.obj (.intvecs)

.text      0    0000026c    0000078e     
                  0000026c    000001e4     main.obj (.text)
                  00000450    00000132     driverlib.lib : gpio.obj (.text:GPIOPadConfigSet)
                  00000582    00000002     rtsv7M4_T_le_v4SPD16_eabi.lib : mpu_init.obj (.text)
                  00000584    000000f4     driverlib.lib : sysctl.obj (.text:SysCtlClockSet)
                  00000678    0000009c     rtsv7M4_T_le_v4SPD16_eabi.lib : memcpy_t2.obj (.text)
                  00000714    00000070                                   : autoinit.obj (.text)
                  00000784    00000068                                   : copy_decompress_lzss.obj (.text:decompress:lzss)
                  000007ec    00000054                                   : boot.obj (.text)
                  00000840    00000054                                   : exit.obj (.text)
                  00000894    0000004c                                   : cpy_tbl.obj (.text)
                  000008e0    0000004a     fibonacci.obj (.text)
                  0000092a    00000002     rtsv7M4_T_le_v4SPD16_eabi.lib : startup.obj (.text)
                  0000092c    00000034     driverlib.lib : sysctl.obj (.text:SysCtlPeripheralEnable)
                  00000960    0000002a                   : gpio.obj (.text:GPIODirModeSet)
                  0000098a    00000018                   : gpio.obj (.text:GPIOPinTypeGPIOOutput)
                  000009a2    00000002     --HOLE-- [fill = 0]
                  000009a4    00000018     rtsv7M4_T_le_v4SPD16_eabi.lib : args_main.obj (.text)
                  000009bc    00000014                                   : _lock.obj (.text)
                  000009d0    0000000e                                   : copy_decompress_none.obj (.text:decompress:none)
                  000009de    0000000c     tm4c123gh6pm_startup_ccs.obj (.text)
                  000009ea    00000006     driverlib.lib : gpio.obj (.text:GPIOPinWrite)
                  000009f0    00000006                   : sysctl.obj (.text:SysCtlDelay)
                  000009f6    00000004     rtsv7M4_T_le_v4SPD16_eabi.lib : pre_init.obj (.text)

.cinit     0    00000a00    00000024     
                  00000a00    00000011     (.cinit..data.load) [load image, compression = lzss]
                  00000a11    00000003     --HOLE-- [fill = 0]
                  00000a14    00000008     (__TI_handler_table)
                  00000a1c    00000008     (__TI_cinit_table)

.init_array 
*          0    00000000    00000000     UNINITIALIZED

.stack     0    20000000    00000200     UNINITIALIZED
                  20000000    00000200     --HOLE--

.data      0    20000200    00000018     UNINITIALIZED
                  20000200    0000000c     rtsv7M4_T_le_v4SPD16_eabi.lib : exit.obj (.data:$O1$$)
                  2000020c    00000008                                   : _lock.obj (.data:$O1$$)
                  20000214    00000004                                   : stkdepth_vars.obj (.data)

MODULE SUMMARY

       Module                         code   ro data   rw data
       ------                         ----   -------   -------
    .\
       tm4c123gh6pm_startup_ccs.obj   12     620       0      
       main.obj                       484    0         0      
       fibonacci.obj                  74     0         0      
    +--+------------------------------+------+---------+---------+
       Total:                         570    620       0      
                                                              
    C:/Users/lianne/Desktop/TivaWare_C_Series-2.1.3.156/TivaWare_C_Series-2.1.3.156/driverlib/ccs/Debug/driverlib.lib
       gpio.obj                       378    0         0      
       sysctl.obj                     302    0         0      
    +--+------------------------------+------+---------+---------+
       Total:                         680    0         0      
                                                              
    C:\ti\ccsv7\tools\compiler\ti-cgt-arm_16.9.3.LTS\lib\rtsv7M4_T_le_v4SPD16_eabi.lib
       memcpy_t2.obj                  156    0         0      
       autoinit.obj                   112    0         0      
       copy_decompress_lzss.obj       104    0         0      
       exit.obj                       84     0         12     
       boot.obj                       84     0         0      
       cpy_tbl.obj                    76     0         0      
       _lock.obj                      20     0         8      
       args_main.obj                  24     0         0      
       copy_decompress_none.obj       14     0         0      
       pre_init.obj                   4      0         0      
       stkdepth_vars.obj              0      0         4      
       mpu_init.obj                   2      0         0      
       startup.obj                    2      0         0      
    +--+------------------------------+------+---------+---------+
       Total:                         682    0         24     
                                                              
       Stack:                         0      0         512    
       Linker Generated:              0      33        0      
    +--+------------------------------+------+---------+---------+
       Grand Total:                   1932   653       536    


LINKER GENERATED COPY TABLES

__TI_cinit_table @ 00000a1c records: 1, size/record: 8, table size: 8
	.data: load addr=00000a00, load size=00000011 bytes, run addr=20000200, run size=00000018 bytes, compression=lzss


LINKER GENERATED HANDLER TABLE

__TI_handler_table @ 00000a14 records: 2, size/record: 4, table size: 8
	index: 0, handler: __TI_decompress_lzss
	index: 1, handler: __TI_decompress_none


GLOBAL SYMBOLS: SORTED ALPHABETICALLY BY Name 

address   name                           
-------   ----                           
00000841  C$$EXIT                        
00000961  GPIODirModeSet                 
00000451  GPIOPadConfigSet               
0000098b  GPIOPinTypeGPIOOutput          
000009eb  GPIOPinWrite                   
000009df  ResetISR                       
UNDEFED   SHT$$INIT_ARRAY$$Base          
UNDEFED   SHT$$INIT_ARRAY$$Limit         
00000585  SysCtlClockSet                 
000009f1  SysCtlDelay                    
0000092d  SysCtlPeripheralEnable         
20000200  __STACK_END                    
00000200  __STACK_SIZE                   
20000200  __STACK_TOP                    
00000a1c  __TI_CINIT_Base                
00000a24  __TI_CINIT_Limit               
00000a14  __TI_Handler_Table_Base        
00000a1c  __TI_Handler_Table_Limit       
00000715  __TI_auto_init                 
20000200  __TI_cleanup_ptr               
00000785  __TI_decompress_lzss           
000009d1  __TI_decompress_none           
20000204  __TI_dtors_ptr                 
20000208  __TI_enable_exit_profile_output
ffffffff  __TI_pprof_out_hndl            
ffffffff  __TI_prof_data_size            
ffffffff  __TI_prof_data_start           
00000000  __TI_static_base__             
00000679  __aeabi_memcpy                 
00000679  __aeabi_memcpy4                
00000679  __aeabi_memcpy8                
ffffffff  __binit__                      
ffffffff  __c_args__                     
00000583  __mpu_init                     
20000000  __stack                        
000009a5  _args_main                     
000007ed  _c_int00                       
2000020c  _lock                          
000009cb  _nop                           
000009c3  _register_lock                 
000009bd  _register_unlock               
0000092b  _system_post_cinit             
000009f7  _system_pre_init               
20000210  _unlock                        
00000845  abort                          
ffffffff  binit                          
000002db  blink                          
0000026d  convert_to_morose              
00000895  copy_in                        
0000084d  exit                           
000008e1  fibonacci                      
00000000  g_pfnVectors                   
000003f5  main                           
20000214  main_func_sp                   
00000679  memcpy                         


GLOBAL SYMBOLS: SORTED BY Symbol Address 

address   name                           
-------   ----                           
00000000  __TI_static_base__             
00000000  g_pfnVectors                   
00000200  __STACK_SIZE                   
0000026d  convert_to_morose              
000002db  blink                          
000003f5  main                           
00000451  GPIOPadConfigSet               
00000583  __mpu_init                     
00000585  SysCtlClockSet                 
00000679  __aeabi_memcpy                 
00000679  __aeabi_memcpy4                
00000679  __aeabi_memcpy8                
00000679  memcpy                         
00000715  __TI_auto_init                 
00000785  __TI_decompress_lzss           
000007ed  _c_int00                       
00000841  C$$EXIT                        
00000845  abort                          
0000084d  exit                           
00000895  copy_in                        
000008e1  fibonacci                      
0000092b  _system_post_cinit             
0000092d  SysCtlPeripheralEnable         
00000961  GPIODirModeSet                 
0000098b  GPIOPinTypeGPIOOutput          
000009a5  _args_main                     
000009bd  _register_unlock               
000009c3  _register_lock                 
000009cb  _nop                           
000009d1  __TI_decompress_none           
000009df  ResetISR                       
000009eb  GPIOPinWrite                   
000009f1  SysCtlDelay                    
000009f7  _system_pre_init               
00000a14  __TI_Handler_Table_Base        
00000a1c  __TI_CINIT_Base                
00000a1c  __TI_Handler_Table_Limit       
00000a24  __TI_CINIT_Limit               
20000000  __stack                        
20000200  __STACK_END                    
20000200  __STACK_TOP                    
20000200  __TI_cleanup_ptr               
20000204  __TI_dtors_ptr                 
20000208  __TI_enable_exit_profile_output
2000020c  _lock                          
20000210  _unlock                        
20000214  main_func_sp                   
ffffffff  __TI_pprof_out_hndl            
ffffffff  __TI_prof_data_size            
ffffffff  __TI_prof_data_start           
ffffffff  __binit__                      
ffffffff  __c_args__                     
ffffffff  binit                          
UNDEFED   SHT$$INIT_ARRAY$$Base          
UNDEFED   SHT$$INIT_ARRAY$$Limit         

[55 symbols]
